{
  "version": "1.5.0",
  "plugins_used": [
    {
      "name": "ArtifactoryDetector"
    },
    {
      "name": "AWSKeyDetector"
    },
    {
      "name": "AzureStorageKeyDetector"
    },
    {
      "name": "Base64HighEntropyString",
      "limit": 4.5
    },
    {
      "name": "BasicAuthDetector"
    },
    {
      "name": "CloudantDetector"
    },
    {
      "name": "DiscordBotTokenDetector"
    },
    {
      "name": "GitHubTokenDetector"
    },
    {
      "name": "GitLabTokenDetector"
    },
    {
      "name": "HexHighEntropyString",
      "limit": 3.0
    },
    {
      "name": "IbmCloudIamDetector"
    },
    {
      "name": "IbmCosHmacDetector"
    },
    {
      "name": "IPPublicDetector"
    },
    {
      "name": "JwtTokenDetector"
    },
    {
      "name": "KeywordDetector",
      "keyword_exclude": ""
    },
    {
      "name": "MailchimpDetector"
    },
    {
      "name": "NpmDetector"
    },
    {
      "name": "OpenAIDetector"
    },
    {
      "name": "PrivateKeyDetector"
    },
    {
      "name": "PypiTokenDetector"
    },
    {
      "name": "SendGridDetector"
    },
    {
      "name": "SlackDetector"
    },
    {
      "name": "SoftlayerDetector"
    },
    {
      "name": "SquareOAuthDetector"
    },
    {
      "name": "StripeDetector"
    },
    {
      "name": "TelegramBotTokenDetector"
    },
    {
      "name": "TwilioKeyDetector"
    }
  ],
  "filters_used": [
    {
      "path": "detect_secrets.filters.allowlist.is_line_allowlisted"
    },
    {
      "path": "detect_secrets.filters.common.is_baseline_file",
      "filename": ".secrets.baseline"
    },
    {
      "path": "detect_secrets.filters.common.is_ignored_due_to_verification_policies",
      "min_level": 2
    },
    {
      "path": "detect_secrets.filters.heuristic.is_indirect_reference"
    },
    {
      "path": "detect_secrets.filters.heuristic.is_likely_id_string"
    },
    {
      "path": "detect_secrets.filters.heuristic.is_lock_file"
    },
    {
      "path": "detect_secrets.filters.heuristic.is_not_alphanumeric_string"
    },
    {
      "path": "detect_secrets.filters.heuristic.is_potential_uuid"
    },
    {
      "path": "detect_secrets.filters.heuristic.is_prefixed_with_dollar_sign"
    },
    {
      "path": "detect_secrets.filters.heuristic.is_sequential_string"
    },
    {
      "path": "detect_secrets.filters.heuristic.is_swagger_file"
    },
    {
      "path": "detect_secrets.filters.heuristic.is_templated_secret"
    },
    {
      "path": "detect_secrets.filters.regex.should_exclude_file",
      "pattern": [
        "package-lock.json"
      ]
    }
  ],
  "results": {
    ".github\\workflows\\cd.yml": [
      {
        "type": "Secret Keyword",
        "filename": ".github\\workflows\\cd.yml",
        "hashed_secret": "da252824e624cdfcfed73135309c812b46073265",
        "is_verified": false,
        "line_number": 239
      },
      {
        "type": "Secret Keyword",
        "filename": ".github\\workflows\\cd.yml",
        "hashed_secret": "efe0c33303310afaa8dfb3314c7a65b5484ff39b",
        "is_verified": false,
        "line_number": 239
      }
    ],
    ".github\\workflows\\ci.yml": [
      {
        "type": "Secret Keyword",
        "filename": ".github\\workflows\\ci.yml",
        "hashed_secret": "92bba25e27adcd288540404ddd50b7dc5ebf960a",
        "is_verified": false,
        "line_number": 63
      },
      {
        "type": "Secret Keyword",
        "filename": ".github\\workflows\\ci.yml",
        "hashed_secret": "be03555d9dc0f9737201165a224110cb103bf944",
        "is_verified": false,
        "line_number": 64
      }
    ],
    ".github\\workflows\\security.yml": [
      {
        "type": "Secret Keyword",
        "filename": ".github\\workflows\\security.yml",
        "hashed_secret": "b332170ad75e1fb996af384307e524f50cff59e0",
        "is_verified": false,
        "line_number": 71
      }
    ],
    "app\\core\\config.py": [
      {
        "type": "Secret Keyword",
        "filename": "app\\core\\config.py",
        "hashed_secret": "ba10fae89a3a1a24d62ddd4cabb6aa1c673f090b",
        "is_verified": false,
        "line_number": 951
      }
    ],
    "app\\eval\\datasets\\manifest.yaml": [
      {
        "type": "Hex High Entropy String",
        "filename": "app\\eval\\datasets\\manifest.yaml",
        "hashed_secret": "4d3623ad1610d1cd585e104e82317406893d3459",
        "is_verified": false,
        "line_number": 7
      },
      {
        "type": "Hex High Entropy String",
        "filename": "app\\eval\\datasets\\manifest.yaml",
        "hashed_secret": "dcdf7cd146bd0c3f7b285e6e6641a3f09ef71a58",
        "is_verified": false,
        "line_number": 11
      },
      {
        "type": "Hex High Entropy String",
        "filename": "app\\eval\\datasets\\manifest.yaml",
        "hashed_secret": "98be5fe06defaed92d7bba4fd201cad698738d34",
        "is_verified": false,
        "line_number": 15
      },
      {
        "type": "Hex High Entropy String",
        "filename": "app\\eval\\datasets\\manifest.yaml",
        "hashed_secret": "c54e1d9d562abcb549cfd8b26fc27220006b85cd",
        "is_verified": false,
        "line_number": 19
      },
      {
        "type": "Hex High Entropy String",
        "filename": "app\\eval\\datasets\\manifest.yaml",
        "hashed_secret": "9bdd2831cdc60c8b1fb0b3f2fbc710f2d8b2de40",
        "is_verified": false,
        "line_number": 23
      },
      {
        "type": "Hex High Entropy String",
        "filename": "app\\eval\\datasets\\manifest.yaml",
        "hashed_secret": "7d8190ea25e9d0dcc15aa1197afb03e28b08e29f",
        "is_verified": false,
        "line_number": 27
      },
      {
        "type": "Hex High Entropy String",
        "filename": "app\\eval\\datasets\\manifest.yaml",
        "hashed_secret": "0068b7013dbd1ed414ee08c7c0d2262b5a97ae63",
        "is_verified": false,
        "line_number": 31
      },
      {
        "type": "Hex High Entropy String",
        "filename": "app\\eval\\datasets\\manifest.yaml",
        "hashed_secret": "9b1bed38ffc6bc2a67710be6c67ed54eb67c941d",
        "is_verified": false,
        "line_number": 35
      },
      {
        "type": "Hex High Entropy String",
        "filename": "app\\eval\\datasets\\manifest.yaml",
        "hashed_secret": "8b850a2d384e94fc3d3fd8d123aadb988ca6ae3c",
        "is_verified": false,
        "line_number": 39
      }
    ],
    "tests\\auth\\conftest.py": [
      {
        "type": "Secret Keyword",
        "filename": "tests\\auth\\conftest.py",
        "hashed_secret": "7cbd8d9ab704bb94400d08fb4638e8b69fd8327a",
        "is_verified": false,
        "line_number": 146
      },
      {
        "type": "Secret Keyword",
        "filename": "tests\\auth\\conftest.py",
        "hashed_secret": "0f9271bf5f2b054101ff4abd5a8bd2f9d0fa5bcb",
        "is_verified": false,
        "line_number": 151
      }
    ],
    "tests\\auth\\test_protected_routes.py": [
      {
        "type": "Secret Keyword",
        "filename": "tests\\auth\\test_protected_routes.py",
        "hashed_secret": "3c18f67793974f0fa124548f22d3206b523bf26c",
        "is_verified": false,
        "line_number": 101
      }
    ],
    "tests\\auth\\test_register_login.py": [
      {
        "type": "Secret Keyword",
        "filename": "tests\\auth\\test_register_login.py",
        "hashed_secret": "e7581036e34b5b9bbf607562ecc678f227c88470",
        "is_verified": false,
        "line_number": 46
      },
      {
        "type": "Secret Keyword",
        "filename": "tests\\auth\\test_register_login.py",
        "hashed_secret": "a0f4ea7d91495df92bbac2e2149dfb850fe81396",
        "is_verified": false,
        "line_number": 51
      }
    ],
    "tests\\guardrails\\test_audit.py": [
      {
        "type": "Secret Keyword",
        "filename": "tests\\guardrails\\test_audit.py",
        "hashed_secret": "d4e0e04792fd434b5dc9c4155c178f66edcf4ed3",
        "is_verified": false,
        "line_number": 68
      },
      {
        "type": "Secret Keyword",
        "filename": "tests\\guardrails\\test_audit.py",
        "hashed_secret": "83a5b8a7b2e181736b4cad2391e48691b4434fdb",
        "is_verified": false,
        "line_number": 189
      },
      {
        "type": "Secret Keyword",
        "filename": "tests\\guardrails\\test_audit.py",
        "hashed_secret": "97a4ac7aa1a93b87cfec99597119d1be9dfa9072",
        "is_verified": false,
        "line_number": 193
      },
      {
        "type": "Secret Keyword",
        "filename": "tests\\guardrails\\test_audit.py",
        "hashed_secret": "85f602a05757ade9f2c88f8c776c3956e37caf68",
        "is_verified": false,
        "line_number": 205
      }
    ]
  },
  "generated_at": "2026-07-31T11:39:27Z"
}
